[1;31mHello 👨‍👩‍👧‍👦 [0m
[1;31m世界 🎉 Te[0m
[1;31mst![0m
